







IGNORE TABLE CREATION ERROR MESSAGES.




drop table FACULTY
           *
ERROR at line 1:
ORA-00942: table or view does not exist 



Table created.

drop table COURSE
           *
ERROR at line 1:
ORA-00942: table or view does not exist 



Table created.

drop table ENROLLED_IN
           *
ERROR at line 1:
ORA-00942: table or view does not exist 



Table created.

drop table DEPARTMENT
           *
ERROR at line 1:
ORA-00942: table or view does not exist 



Table created.

drop table MINOR_IN
           *
ERROR at line 1:
ORA-00942: table or view does not exist 



Table created.

drop table CHAIRED_BY
           *
ERROR at line 1:
ORA-00942: table or view does not exist 



Table created.

drop table MEMBER_OF
           *
ERROR at line 1:
ORA-00942: table or view does not exist 



Table created.

drop table PARENT_OF
           *
ERROR at line 1:
ORA-00942: table or view does not exist 



Table created.

drop table STUDENT
           *
ERROR at line 1:
ORA-00942: table or view does not exist 



Table created.

drop table DORM 
           *
ERROR at line 1:
ORA-00942: table or view does not exist 



Table created.

drop table DORM_AMENITY 
           *
ERROR at line 1:
ORA-00942: table or view does not exist 



Table created.

drop table HAS_AMENITY 
           *
ERROR at line 1:
ORA-00942: table or view does not exist 



Table created.

drop table LIVES_IN 
           *
ERROR at line 1:
ORA-00942: table or view does not exist 



Table created.

drop table ACTIVITY 
           *
ERROR at line 1:
ORA-00942: table or view does not exist 



Table created.

drop table PARTICIPATES_IN 
           *
ERROR at line 1:
ORA-00942: table or view does not exist 



Table created.

drop table FACULTY_PARTICIPATES_IN 
           *
ERROR at line 1:
ORA-00942: table or view does not exist 



Table created.

drop table DIRECT_DISTANCE 
           *
ERROR at line 1:
ORA-00942: table or view does not exist 



Table created.

drop table CITY 
           *
ERROR at line 1:
ORA-00942: table or view does not exist 



Table created.

drop table ALLERGY
           *
ERROR at line 1:
ORA-00942: table or view does not exist 



Table created.

drop table HAS_ALLERGY
           *
ERROR at line 1:
ORA-00942: table or view does not exist 



Table created.

drop table PREFERENCES
           *
ERROR at line 1:
ORA-00942: table or view does not exist 



Table created.

drop table LIKES
           *
ERROR at line 1:
ORA-00942: table or view does not exist 



Table created.

drop table LOVES
           *
ERROR at line 1:
ORA-00942: table or view does not exist 



Table created.


1 row created.

Commit complete.

1 row created.

Commit complete.

1 row created.

Commit complete.

1 row created.

Commit complete.

1 row created.

Commit complete.

1 row created.

Commit complete.
Going into silent mode.

1 row created.

Commit complete.

1 row created.

Commit complete.

1 row created.

Commit complete.

1 row created.

Commit complete.

1 row created.

Commit complete.

1 row created.

Commit complete.

1 row created.

Commit complete.

1 row created.

Commit complete.

1 row created.

Commit complete.

1 row created.

Commit complete.

1 row created.

Commit complete.

1 row created.

Commit complete.

1 row created.

Commit complete.

1 row created.

Commit complete.

1 row created.

Commit complete.

1 row created.

Commit complete.

1 row created.

Commit complete.

1 row created.

Commit complete.

1 row created.

Commit complete.

1 row created.

Commit complete.

1 row created.

Commit complete.

1 row created.

Commit complete.

1 row created.

Commit complete.

1 row created.

Commit complete.

1 row created.

Commit complete.

1 row created.

Commit complete.

1 row created.

Commit complete.

1 row created.

Commit complete.

1 row created.

Commit complete.

1 row created.

Commit complete.

1 row created.

Commit complete.

1 row created.

Commit complete.

1 row created.

Commit complete.

1 row created.

Commit complete.

1 row created.

Commit complete.

1 row created.

Commit complete.

1 row created.

Commit complete.

1 row created.

Commit complete.

1 row created.

Commit complete.

1 row created.

Commit complete.

1 row created.

Commit complete.

1 row created.

Commit complete.

1 row created.

Commit complete.

1 row created.

Commit complete.

1 row created.

Commit complete.

1 row created.

Commit complete.

1 row created.

Commit complete.

1 row created.

Commit complete.

1 row created.

Commit complete.

1 row created.

Commit complete.

1 row created.

Commit complete.

1 row created.

Commit complete.
Loading course table

1 row created.

Commit complete.

1 row created.

Commit complete.

1 row created.

Commit complete.

1 row created.

Commit complete.

1 row created.

Commit complete.
Going into Silent Mode

1 row created.

Commit complete.

1 row created.

Commit complete.

1 row created.

Commit complete.

1 row created.

Commit complete.

1 row created.

Commit complete.

1 row created.

Commit complete.

1 row created.

Commit complete.

1 row created.

Commit complete.

1 row created.

Commit complete.

1 row created.

Commit complete.

1 row created.

Commit complete.

1 row created.

Commit complete.

1 row created.

Commit complete.

1 row created.

Commit complete.

1 row created.

Commit complete.

1 row created.

Commit complete.

1 row created.

Commit complete.

1 row created.

Commit complete.

1 row created.

Commit complete.

1 row created.

Commit complete.

1 row created.

Commit complete.

1 row created.

Commit complete.

1 row created.

Commit complete.

1 row created.

Commit complete.

1 row created.

Commit complete.

1 row created.

Commit complete.

1 row created.

Commit complete.

1 row created.

Commit complete.

1 row created.

Commit complete.

1 row created.

Commit complete.

1 row created.

Commit complete.

1 row created.

Commit complete.

1 row created.

Commit complete.

1 row created.

Commit complete.

1 row created.

Commit complete.

1 row created.

Commit complete.

1 row created.

Commit complete.

1 row created.

Commit complete.

1 row created.

Commit complete.

1 row created.

Commit complete.

1 row created.

Commit complete.

1 row created.

Commit complete.

1 row created.

Commit complete.

1 row created.

Commit complete.

1 row created.

Commit complete.

1 row created.

Commit complete.

1 row created.

Commit complete.

1 row created.

Commit complete.

1 row created.

Commit complete.

1 row created.

Commit complete.

1 row created.

Commit complete.

1 row created.

Commit complete.

1 row created.

Commit complete.

1 row created.

Commit complete.

1 row created.

Commit complete.

1 row created.

Commit complete.

1 row created.

Commit complete.

1 row created.

Commit complete.

1 row created.

Commit complete.

1 row created.

Commit complete.

1 row created.

Commit complete.

1 row created.

Commit complete.

1 row created.

Commit complete.

1 row created.

Commit complete.

1 row created.

Commit complete.

1 row created.

Commit complete.

1 row created.

Commit complete.

1 row created.

Commit complete.

1 row created.

Commit complete.

1 row created.

Commit complete.

1 row created.

Commit complete.

1 row created.

Commit complete.

1 row created.

Commit complete.

1 row created.

Commit complete.

1 row created.

Commit complete.

1 row created.

Commit complete.

1 row created.

Commit complete.

1 row created.

Commit complete.

1 row created.

Commit complete.

1 row created.

Commit complete.

1 row created.

Commit complete.

1 row created.

Commit complete.

1 row created.

Commit complete.

1 row created.

Commit complete.

1 row created.

Commit complete.

1 row created.

Commit complete.

1 row created.

Commit complete.

1 row created.

Commit complete.

1 row created.

Commit complete.

1 row created.

Commit complete.

1 row created.

Commit complete.

1 row created.

Commit complete.

1 row created.

Commit complete.

1 row created.

Commit complete.

1 row created.

Commit complete.

1 row created.

Commit complete.

1 row created.

Commit complete.

1 row created.

Commit complete.

1 row created.

Commit complete.

1 row created.

Commit complete.

1 row created.

Commit complete.

1 row created.

Commit complete.

1 row created.

Commit complete.

1 row created.

Commit complete.

1 row created.

Commit complete.

1 row created.

Commit complete.

1 row created.

Commit complete.

1 row created.

Commit complete.

1 row created.

Commit complete.

1 row created.

Commit complete.

1 row created.

Commit complete.

1 row created.

Commit complete.

1 row created.

Commit complete.

1 row created.

Commit complete.

1 row created.

Commit complete.

1 row created.

Commit complete.

1 row created.

Commit complete.

1 row created.

Commit complete.

1 row created.

Commit complete.

1 row created.

Commit complete.

1 row created.

Commit complete.

1 row created.

Commit complete.

1 row created.

Commit complete.

1 row created.

Commit complete.

1 row created.

Commit complete.

1 row created.

Commit complete.

1 row created.

Commit complete.

1 row created.

Commit complete.

1 row created.

Commit complete.

1 row created.

Commit complete.

1 row created.

Commit complete.

1 row created.

Commit complete.

1 row created.

Commit complete.

1 row created.

Commit complete.

1 row created.

Commit complete.

1 row created.

Commit complete.

1 row created.

Commit complete.

1 row created.

Commit complete.

1 row created.

Commit complete.

1 row created.

Commit complete.

1 row created.

Commit complete.

1 row created.

Commit complete.

1 row created.

Commit complete.

1 row created.

Commit complete.

1 row created.

Commit complete.

1 row created.

Commit complete.

1 row created.

Commit complete.

1 row created.

Commit complete.

1 row created.

Commit complete.

1 row created.

Commit complete.

1 row created.

Commit complete.

1 row created.

Commit complete.

1 row created.

Commit complete.

1 row created.

Commit complete.

1 row created.

Commit complete.

1 row created.

Commit complete.

1 row created.

Commit complete.

1 row created.

Commit complete.

1 row created.

Commit complete.

1 row created.

Commit complete.

1 row created.

Commit complete.

1 row created.

Commit complete.

1 row created.

Commit complete.

1 row created.

Commit complete.

1 row created.

Commit complete.

1 row created.

Commit complete.

1 row created.

Commit complete.

1 row created.

Commit complete.

1 row created.

Commit complete.

1 row created.

Commit complete.

1 row created.

Commit complete.

1 row created.

Commit complete.

1 row created.

Commit complete.

1 row created.

Commit complete.

1 row created.

Commit complete.

1 row created.

Commit complete.

1 row created.

Commit complete.

1 row created.

Commit complete.

1 row created.

Commit complete.

1 row created.

Commit complete.

1 row created.

Commit complete.

1 row created.

Commit complete.

1 row created.

Commit complete.

1 row created.

Commit complete.

1 row created.

Commit complete.

1 row created.

Commit complete.

1 row created.

Commit complete.

1 row created.

Commit complete.

1 row created.

Commit complete.

1 row created.

Commit complete.

1 row created.

Commit complete.

1 row created.

Commit complete.

1 row created.

Commit complete.

1 row created.

Commit complete.

1 row created.

Commit complete.

1 row created.

Commit complete.

1 row created.

Commit complete.

1 row created.

Commit complete.

1 row created.

Commit complete.

1 row created.

Commit complete.

1 row created.

Commit complete.

1 row created.

Commit complete.

1 row created.

Commit complete.

1 row created.

Commit complete.

1 row created.

Commit complete.

1 row created.

Commit complete.

1 row created.

Commit complete.

1 row created.

Commit complete.

1 row created.

Commit complete.

1 row created.

Commit complete.

1 row created.

Commit complete.

1 row created.

Commit complete.

1 row created.

Commit complete.

1 row created.

Commit complete.

1 row created.

Commit complete.

1 row created.

Commit complete.

1 row created.

Commit complete.

1 row created.

Commit complete.

1 row created.

Commit complete.

1 row created.

Commit complete.

1 row created.

Commit complete.

1 row created.

Commit complete.

1 row created.

Commit complete.

1 row created.

Commit complete.

1 row created.

Commit complete.

1 row created.

Commit complete.

1 row created.

Commit complete.

1 row created.

Commit complete.

1 row created.

Commit complete.

1 row created.

Commit complete.

1 row created.

Commit complete.

1 row created.

Commit complete.

1 row created.

Commit complete.

1 row created.

Commit complete.

1 row created.

Commit complete.

1 row created.

Commit complete.

1 row created.

Commit complete.

1 row created.

Commit complete.

1 row created.

Commit complete.

1 row created.

Commit complete.

1 row created.

Commit complete.

1 row created.

Commit complete.

1 row created.

Commit complete.

1 row created.

Commit complete.

1 row created.

Commit complete.

1 row created.

Commit complete.

1 row created.

Commit complete.

1 row created.

Commit complete.

1 row created.

Commit complete.

1 row created.

Commit complete.

1 row created.

Commit complete.

1 row created.

Commit complete.

1 row created.

Commit complete.

1 row created.

Commit complete.

1 row created.

Commit complete.

1 row created.

Commit complete.

1 row created.

Commit complete.

1 row created.

Commit complete.

1 row created.

Commit complete.

1 row created.

Commit complete.

1 row created.

Commit complete.

1 row created.

Commit complete.

1 row created.

Commit complete.

1 row created.

Commit complete.

1 row created.

Commit complete.

1 row created.

Commit complete.

1 row created.

Commit complete.

1 row created.

Commit complete.

1 row created.

Commit complete.

1 row created.

Commit complete.

1 row created.

Commit complete.

1 row created.

Commit complete.

1 row created.

Commit complete.

1 row created.

Commit complete.

1 row created.

Commit complete.

1 row created.

Commit complete.

1 row created.

Commit complete.

1 row created.

Commit complete.

1 row created.

Commit complete.

1 row created.

Commit complete.

1 row created.

Commit complete.

1 row created.

Commit complete.

1 row created.

Commit complete.

1 row created.

Commit complete.

1 row created.

Commit complete.

1 row created.

Commit complete.

1 row created.

Commit complete.

1 row created.

Commit complete.

1 row created.

Commit complete.

1 row created.

Commit complete.

1 row created.

Commit complete.

1 row created.

Commit complete.

1 row created.

Commit complete.

1 row created.

Commit complete.

1 row created.

Commit complete.

1 row created.

Commit complete.

1 row created.

Commit complete.

1 row created.

Commit complete.

1 row created.

Commit complete.

1 row created.

Commit complete.

1 row created.

Commit complete.

1 row created.

Commit complete.

1 row created.

Commit complete.

1 row created.

Commit complete.

1 row created.

Commit complete.

1 row created.

Commit complete.

1 row created.

Commit complete.

1 row created.

Commit complete.

1 row created.

Commit complete.

1 row created.

Commit complete.

1 row created.

Commit complete.

1 row created.

Commit complete.

1 row created.

Commit complete.

1 row created.

Commit complete.

1 row created.

Commit complete.

1 row created.

Commit complete.

1 row created.

Commit complete.

1 row created.

Commit complete.

1 row created.

Commit complete.

1 row created.

Commit complete.

1 row created.

Commit complete.

1 row created.

Commit complete.

1 row created.

Commit complete.

1 row created.

Commit complete.

1 row created.

Commit complete.

1 row created.

Commit complete.

1 row created.

Commit complete.

1 row created.

Commit complete.

1 row created.

Commit complete.

1 row created.

Commit complete.

1 row created.

Commit complete.

1 row created.

Commit complete.

1 row created.

Commit complete.

1 row created.

Commit complete.

1 row created.

Commit complete.

1 row created.

Commit complete.

1 row created.

Commit complete.

1 row created.

Commit complete.

1 row created.

Commit complete.

1 row created.

Commit complete.

1 row created.

Commit complete.

1 row created.

Commit complete.

1 row created.

Commit complete.

1 row created.

Commit complete.

1 row created.

Commit complete.

1 row created.

Commit complete.

1 row created.

Commit complete.

1 row created.

Commit complete.

1 row created.

Commit complete.

1 row created.

Commit complete.

1 row created.

Commit complete.

1 row created.

Commit complete.

1 row created.

Commit complete.

1 row created.

Commit complete.

1 row created.

Commit complete.

1 row created.

Commit complete.

1 row created.

Commit complete.

1 row created.

Commit complete.

1 row created.

Commit complete.

1 row created.

Commit complete.

1 row created.

Commit complete.

1 row created.

Commit complete.

1 row created.

Commit complete.

1 row created.

Commit complete.

1 row created.

Commit complete.

1 row created.

Commit complete.

1 row created.

Commit complete.

1 row created.

Commit complete.

1 row created.

Commit complete.

1 row created.

Commit complete.

1 row created.

Commit complete.

1 row created.

Commit complete.

1 row created.

Commit complete.

1 row created.

Commit complete.

1 row created.

Commit complete.

1 row created.

Commit complete.

1 row created.

Commit complete.

1 row created.

Commit complete.

1 row created.

Commit complete.

1 row created.

Commit complete.

1 row created.

Commit complete.

1 row created.

Commit complete.

1 row created.

Commit complete.

1 row created.

Commit complete.

1 row created.

Commit complete.

1 row created.

Commit complete.

1 row created.

Commit complete.

1 row created.

Commit complete.

1 row created.

Commit complete.

1 row created.

Commit complete.

1 row created.

Commit complete.

1 row created.

Commit complete.

1 row created.

Commit complete.

1 row created.

Commit complete.

1 row created.

Commit complete.

1 row created.

Commit complete.

1 row created.

Commit complete.

1 row created.

Commit complete.

1 row created.

Commit complete.

1 row created.

Commit complete.

1 row created.

Commit complete.

1 row created.

Commit complete.

1 row created.

Commit complete.

1 row created.

Commit complete.

1 row created.

Commit complete.

1 row created.

Commit complete.

1 row created.

Commit complete.

1 row created.

Commit complete.

1 row created.

Commit complete.

1 row created.

Commit complete.

1 row created.

Commit complete.

1 row created.

Commit complete.

1 row created.

Commit complete.

1 row created.

Commit complete.

1 row created.

Commit complete.

1 row created.

Commit complete.

1 row created.

Commit complete.

1 row created.

Commit complete.

1 row created.

Commit complete.

1 row created.

Commit complete.

1 row created.

Commit complete.
drop table GRADECONVERSION
           *
ERROR at line 1:
ORA-00942: table or view does not exist 



Table created.


1 row created.

Commit complete.

1 row created.

Commit complete.

1 row created.

Commit complete.

1 row created.

Commit complete.

1 row created.

Commit complete.

1 row created.

Commit complete.

1 row created.

Commit complete.

1 row created.

Commit complete.

1 row created.

Commit complete.

1 row created.

Commit complete.

1 row created.

Commit complete.

1 row created.

Commit complete.

1 row created.

Commit complete.

1 row created.

Commit complete.

1 row created.

Commit complete.

1 row created.

Commit complete.

1 row created.

Commit complete.

1 row created.

Commit complete.

1 row created.

Commit complete.

1 row created.

Commit complete.

1 row created.

Commit complete.

1 row created.

Commit complete.

1 row created.

Commit complete.

1 row created.

Commit complete.

1 row created.

Commit complete.

1 row created.

Commit complete.

1 row created.

Commit complete.

1 row created.

Commit complete.

1 row created.

Commit complete.

1 row created.

Commit complete.

1 row created.

Commit complete.

1 row created.

Commit complete.

1 row created.

Commit complete.

1 row created.

Commit complete.

1 row created.

Commit complete.

1 row created.

Commit complete.

1 row created.

Commit complete.

1 row created.

Commit complete.

1 row created.

Commit complete.

1 row created.

Commit complete.

1 row created.

Commit complete.

1 row created.

Commit complete.

1 row created.

Commit complete.

1 row created.

Commit complete.

1 row created.

Commit complete.

1 row created.

Commit complete.

1 row created.

Commit complete.

1 row created.

Commit complete.

1 row created.

Commit complete.

1 row created.

Commit complete.

1 row created.

Commit complete.

1 row created.

Commit complete.

1 row created.

Commit complete.

1 row created.

Commit complete.

1 row created.

Commit complete.

1 row created.

Commit complete.

1 row created.

Commit complete.

1 row created.

Commit complete.

1 row created.

Commit complete.

1 row created.

Commit complete.

1 row created.

Commit complete.

1 row created.

Commit complete.

1 row created.

Commit complete.

1 row created.

Commit complete.

1 row created.

Commit complete.

1 row created.

Commit complete.

1 row created.

Commit complete.

1 row created.

Commit complete.

1 row created.

Commit complete.

1 row created.

Commit complete.

1 row created.

Commit complete.

1 row created.

Commit complete.

1 row created.

Commit complete.

1 row created.

Commit complete.

1 row created.

Commit complete.

1 row created.

Commit complete.

1 row created.

Commit complete.

1 row created.

Commit complete.

1 row created.

Commit complete.

1 row created.

Commit complete.

1 row created.

Commit complete.

1 row created.

Commit complete.

1 row created.

Commit complete.

1 row created.

Commit complete.

1 row created.

Commit complete.

1 row created.

Commit complete.

1 row created.

Commit complete.

1 row created.

Commit complete.

1 row created.

Commit complete.

1 row created.

Commit complete.

1 row created.

Commit complete.

1 row created.

Commit complete.

1 row created.

Commit complete.

1 row created.

Commit complete.

1 row created.

Commit complete.

1 row created.

Commit complete.

1 row created.

Commit complete.

1 row created.

Commit complete.

1 row created.

Commit complete.

1 row created.

Commit complete.

1 row created.

Commit complete.

1 row created.

Commit complete.

1 row created.

Commit complete.

1 row created.

Commit complete.

1 row created.

Commit complete.

1 row created.

Commit complete.

1 row created.

Commit complete.

1 row created.

Commit complete.

1 row created.

Commit complete.

1 row created.

Commit complete.

1 row created.

Commit complete.

1 row created.

Commit complete.

1 row created.

Commit complete.

1 row created.

Commit complete.

1 row created.

Commit complete.

1 row created.

Commit complete.

1 row created.

Commit complete.

1 row created.

Commit complete.

1 row created.

Commit complete.

1 row created.

Commit complete.

1 row created.

Commit complete.

1 row created.

Commit complete.

1 row created.

Commit complete.

1 row created.

Commit complete.

1 row created.

Commit complete.

1 row created.

Commit complete.

1 row created.

Commit complete.

1 row created.

Commit complete.

1 row created.

Commit complete.

1 row created.

Commit complete.

1 row created.

Commit complete.

1 row created.

Commit complete.

1 row created.

Commit complete.

1 row created.

Commit complete.

1 row created.

Commit complete.

1 row created.

Commit complete.

1 row created.

Commit complete.

1 row created.

Commit complete.

1 row created.

Commit complete.

1 row created.

Commit complete.

1 row created.

Commit complete.

1 row created.

Commit complete.

1 row created.

Commit complete.

1 row created.

Commit complete.

1 row created.

Commit complete.

1 row created.

Commit complete.

1 row created.

Commit complete.

1 row created.

Commit complete.

1 row created.

Commit complete.

1 row created.

Commit complete.

1 row created.

Commit complete.

1 row created.

Commit complete.

1 row created.

Commit complete.

1 row created.

Commit complete.

1 row created.

Commit complete.

1 row created.

Commit complete.

1 row created.

Commit complete.

1 row created.

Commit complete.

1 row created.

Commit complete.

1 row created.

Commit complete.

1 row created.

Commit complete.

1 row created.

Commit complete.

1 row created.

Commit complete.

1 row created.

Commit complete.

1 row created.

Commit complete.

1 row created.

Commit complete.

1 row created.

Commit complete.

1 row created.

Commit complete.

1 row created.

Commit complete.

1 row created.

Commit complete.

1 row created.

Commit complete.

1 row created.

Commit complete.

1 row created.

Commit complete.

1 row created.

Commit complete.

1 row created.

Commit complete.

1 row created.

Commit complete.

1 row created.

Commit complete.

1 row created.

Commit complete.

1 row created.

Commit complete.

1 row created.

Commit complete.

1 row created.

Commit complete.

1 row created.

Commit complete.

1 row created.

Commit complete.

1 row created.

Commit complete.

1 row created.

Commit complete.

1 row created.

Commit complete.

1 row created.

Commit complete.

1 row created.

Commit complete.

1 row created.

Commit complete.

1 row created.

Commit complete.

1 row created.

Commit complete.

1 row created.

Commit complete.

1 row created.

Commit complete.

1 row created.

Commit complete.

1 row created.

Commit complete.

1 row created.

Commit complete.

1 row created.

Commit complete.

1 row created.

Commit complete.

1 row created.

Commit complete.

1 row created.

Commit complete.

1 row created.

Commit complete.

1 row created.

Commit complete.

1 row created.

Commit complete.

1 row created.

Commit complete.

1 row created.

Commit complete.

1 row created.

Commit complete.

1 row created.

Commit complete.

1 row created.

Commit complete.

1 row created.

Commit complete.

1 row created.

Commit complete.

1 row created.

Commit complete.

1 row created.

Commit complete.

1 row created.

Commit complete.

1 row created.

Commit complete.

1 row created.

Commit complete.

1 row created.

Commit complete.

1 row created.

Commit complete.

1 row created.

Commit complete.

1 row created.

Commit complete.

1 row created.

Commit complete.

1 row created.

Commit complete.

1 row created.

Commit complete.

1 row created.

Commit complete.

1 row created.

Commit complete.

1 row created.

Commit complete.

1 row created.

Commit complete.

1 row created.

Commit complete.

1 row created.

Commit complete.

1 row created.

Commit complete.

1 row created.

Commit complete.

1 row created.

Commit complete.

1 row created.

Commit complete.

1 row created.

Commit complete.

1 row created.

Commit complete.

1 row created.

Commit complete.

1 row created.

Commit complete.

1 row created.

Commit complete.

1 row created.

Commit complete.

1 row created.

Commit complete.

1 row created.

Commit complete.

1 row created.

Commit complete.

1 row created.

Commit complete.

1 row created.

Commit complete.

1 row created.

Commit complete.

1 row created.

Commit complete.

1 row created.

Commit complete.

1 row created.

Commit complete.

1 row created.

Commit complete.

1 row created.

Commit complete.

1 row created.

Commit complete.

1 row created.

Commit complete.

1 row created.

Commit complete.

1 row created.

Commit complete.

1 row created.

Commit complete.

1 row created.

Commit complete.

1 row created.

Commit complete.

1 row created.

Commit complete.

1 row created.

Commit complete.

1 row created.

Commit complete.

1 row created.

Commit complete.

1 row created.

Commit complete.

1 row created.

Commit complete.

1 row created.

Commit complete.

1 row created.

Commit complete.

1 row created.

Commit complete.

1 row created.

Commit complete.

1 row created.

Commit complete.

1 row created.

Commit complete.

1 row created.

Commit complete.

1 row created.

Commit complete.

1 row created.

Commit complete.

1 row created.

Commit complete.

1 row created.

Commit complete.

1 row created.

Commit complete.

1 row created.

Commit complete.

1 row created.

Commit complete.

1 row created.

Commit complete.

1 row created.

Commit complete.

1 row created.

Commit complete.

1 row created.

Commit complete.

1 row created.

Commit complete.

1 row created.

Commit complete.

1 row created.

Commit complete.

1 row created.

Commit complete.

1 row created.

Commit complete.

1 row created.

Commit complete.

1 row created.

Commit complete.

1 row created.

Commit complete.

1 row created.

Commit complete.

1 row created.

Commit complete.

1 row created.

Commit complete.

1 row created.

Commit complete.

1 row created.

Commit complete.

1 row created.

Commit complete.

1 row created.

Commit complete.

1 row created.

Commit complete.

1 row created.

Commit complete.

1 row created.

Commit complete.

1 row created.

Commit complete.

1 row created.

Commit complete.

1 row created.

Commit complete.

1 row created.

Commit complete.

1 row created.

Commit complete.

1 row created.

Commit complete.

1 row created.

Commit complete.

1 row created.

Commit complete.

1 row created.

Commit complete.

1 row created.

Commit complete.

1 row created.

Commit complete.

1 row created.

Commit complete.

1 row created.

Commit complete.

1 row created.

Commit complete.

1 row created.

Commit complete.

1 row created.

Commit complete.

1 row created.

Commit complete.

1 row created.

Commit complete.

1 row created.

Commit complete.

1 row created.

Commit complete.

1 row created.

Commit complete.

1 row created.

Commit complete.

1 row created.

Commit complete.

1 row created.

Commit complete.

1 row created.

Commit complete.

1 row created.

Commit complete.

1 row created.

Commit complete.

1 row created.

Commit complete.

1 row created.

Commit complete.

1 row created.

Commit complete.

1 row created.

Commit complete.

1 row created.

Commit complete.

1 row created.

Commit complete.

1 row created.

Commit complete.

1 row created.

Commit complete.

1 row created.

Commit complete.

1 row created.

Commit complete.

1 row created.

Commit complete.

1 row created.

Commit complete.

1 row created.

Commit complete.

1 row created.

Commit complete.

1 row created.

Commit complete.

1 row created.

Commit complete.

1 row created.

Commit complete.

1 row created.

Commit complete.

1 row created.

Commit complete.

1 row created.

Commit complete.

1 row created.

Commit complete.

1 row created.

Commit complete.

1 row created.

Commit complete.

1 row created.

Commit complete.

1 row created.

Commit complete.

1 row created.

Commit complete.

1 row created.

Commit complete.

1 row created.

Commit complete.

1 row created.

Commit complete.

1 row created.

Commit complete.

1 row created.

Commit complete.

1 row created.

Commit complete.

1 row created.

Commit complete.

1 row created.

Commit complete.

1 row created.

Commit complete.

1 row created.

Commit complete.

1 row created.

Commit complete.

1 row created.

Commit complete.

1 row created.

Commit complete.

1 row created.

Commit complete.

1 row created.

Commit complete.

1 row created.

Commit complete.

1 row created.

Commit complete.

1 row created.

Commit complete.

1 row created.

Commit complete.

1 row created.

Commit complete.

1 row created.

Commit complete.

1 row created.

Commit complete.

1 row created.

Commit complete.

1 row created.

Commit complete.

1 row created.

Commit complete.

1 row created.

Commit complete.

1 row created.

Commit complete.

Table dropped.


Table created.


Table dropped.


Table created.


Table dropped.


Table created.


1 row created.

Commit complete.

1 row created.

Commit complete.

1 row created.

Commit complete.

1 row created.

Commit complete.

1 row created.

Commit complete.

1 row created.

Commit complete.

1 row created.

Commit complete.

1 row created.

Commit complete.

1 row created.

Commit complete.

1 row created.

Commit complete.

1 row created.

Commit complete.

1 row created.

Commit complete.

1 row created.

Commit complete.

1 row created.

Commit complete.

1 row created.

Commit complete.

1 row created.

Commit complete.

1 row created.

Commit complete.

1 row created.

Commit complete.

1 row created.

Commit complete.

1 row created.

Commit complete.

1 row created.

Commit complete.

1 row created.

Commit complete.

1 row created.

Commit complete.

1 row created.

Commit complete.

1 row created.

Commit complete.

1 row created.

Commit complete.

1 row created.

Commit complete.

1 row created.

Commit complete.

1 row created.

Commit complete.

1 row created.

Commit complete.

1 row created.

Commit complete.

1 row created.

Commit complete.

1 row created.

Commit complete.

1 row created.

Commit complete.

1 row created.

Commit complete.

1 row created.

Commit complete.

1 row created.

Commit complete.

1 row created.

Commit complete.

1 row created.

Commit complete.

1 row created.

Commit complete.

1 row created.

Commit complete.

1 row created.

Commit complete.

1 row created.

Commit complete.

1 row created.

Commit complete.

1 row created.

Commit complete.

1 row created.

Commit complete.

1 row created.

Commit complete.

1 row created.

Commit complete.

1 row created.

Commit complete.

1 row created.

Commit complete.

1 row created.

Commit complete.

1 row created.

Commit complete.

1 row created.

Commit complete.

1 row created.

Commit complete.

1 row created.

Commit complete.

1 row created.

Commit complete.

1 row created.

Commit complete.

1 row created.

Commit complete.

1 row created.

Commit complete.

1 row created.

Commit complete.

1 row created.

Commit complete.

1 row created.

Commit complete.

1 row created.

Commit complete.

1 row created.

Commit complete.

1 row created.

Commit complete.

1 row created.

Commit complete.

1 row created.

Commit complete.

1 row created.

Commit complete.

1 row created.

Commit complete.

1 row created.

Commit complete.

1 row created.

Commit complete.

1 row created.

Commit complete.

1 row created.

Commit complete.

1 row created.

Commit complete.

1 row created.

Commit complete.

1 row created.

Commit complete.

1 row created.

Commit complete.

1 row created.

Commit complete.

1 row created.

Commit complete.

1 row created.

Commit complete.

1 row created.

Commit complete.

1 row created.

Commit complete.

1 row created.

Commit complete.

1 row created.

Commit complete.

1 row created.

Commit complete.

1 row created.

Commit complete.

1 row created.

Commit complete.

1 row created.

Commit complete.

1 row created.

Commit complete.

1 row created.

Commit complete.

1 row created.

Commit complete.

1 row created.

Commit complete.

1 row created.

Commit complete.

1 row created.

Commit complete.

1 row created.

Commit complete.

1 row created.

Commit complete.

1 row created.

Commit complete.

1 row created.

Commit complete.

1 row created.

Commit complete.

1 row created.

Commit complete.

1 row created.

Commit complete.

1 row created.

Commit complete.

1 row created.

Commit complete.

1 row created.

Commit complete.

1 row created.

Commit complete.

1 row created.

Commit complete.

1 row created.

Commit complete.

1 row created.

Commit complete.

1 row created.

Commit complete.

1 row created.

Commit complete.

1 row created.

Commit complete.

1 row created.

Commit complete.

1 row created.

Commit complete.

1 row created.

Commit complete.

1 row created.

Commit complete.

1 row created.

Commit complete.

1 row created.

Commit complete.

1 row created.

Commit complete.

1 row created.

Commit complete.

1 row created.

Commit complete.

1 row created.

Commit complete.

1 row created.

Commit complete.

1 row created.

Commit complete.

1 row created.

Commit complete.

1 row created.

Commit complete.

1 row created.

Commit complete.

1 row created.

Commit complete.

1 row created.

Commit complete.

1 row created.

Commit complete.

1 row created.

Commit complete.

1 row created.

Commit complete.

1 row created.

Commit complete.

1 row created.

Commit complete.

1 row created.

Commit complete.

1 row created.

Commit complete.

1 row created.

Commit complete.

1 row created.

Commit complete.

1 row created.

Commit complete.

1 row created.

Commit complete.

1 row created.

Commit complete.

1 row created.

Commit complete.

1 row created.

Commit complete.

1 row created.

Commit complete.

1 row created.

Commit complete.

1 row created.

Commit complete.

1 row created.

Commit complete.

1 row created.

Commit complete.

1 row created.

Commit complete.

1 row created.

Commit complete.

1 row created.

Commit complete.

1 row created.

Commit complete.

1 row created.

Commit complete.

1 row created.

Commit complete.

1 row created.

Commit complete.

1 row created.

Commit complete.

1 row created.

Commit complete.

1 row created.

Commit complete.

1 row created.

Commit complete.

1 row created.

Commit complete.

1 row created.

Commit complete.

1 row created.

Commit complete.

1 row created.

Commit complete.

1 row created.

Commit complete.

1 row created.

Commit complete.

1 row created.

Commit complete.

1 row created.

Commit complete.

1 row created.

Commit complete.

1 row created.

Commit complete.

1 row created.

Commit complete.

1 row created.

Commit complete.

1 row created.

Commit complete.

1 row created.

Commit complete.

1 row created.

Commit complete.

1 row created.

Commit complete.

1 row created.

Commit complete.

1 row created.

Commit complete.

1 row created.

Commit complete.

1 row created.

Commit complete.

1 row created.

Commit complete.

1 row created.

Commit complete.

1 row created.

Commit complete.

1 row created.

Commit complete.

1 row created.

Commit complete.

1 row created.

Commit complete.

1 row created.

Commit complete.

1 row created.

Commit complete.

1 row created.

Commit complete.

1 row created.

Commit complete.

1 row created.

Commit complete.

1 row created.

Commit complete.

1 row created.

Commit complete.

1 row created.

Commit complete.

1 row created.

Commit complete.

1 row created.

Commit complete.

1 row created.

Commit complete.

1 row created.

Commit complete.

1 row created.

Commit complete.

1 row created.

Commit complete.

1 row created.

Commit complete.

1 row created.

Commit complete.

1 row created.

Commit complete.

1 row created.

Commit complete.

1 row created.

Commit complete.

1 row created.

Commit complete.

1 row created.

Commit complete.

1 row created.

Commit complete.

1 row created.

Commit complete.

1 row created.

Commit complete.

1 row created.

Commit complete.

1 row created.

Commit complete.

1 row created.

Commit complete.

1 row created.

Commit complete.

1 row created.

Commit complete.

1 row created.

Commit complete.

1 row created.

Commit complete.

1 row created.

Commit complete.

1 row created.

Commit complete.

1 row created.

Commit complete.

1 row created.

Commit complete.

1 row created.

Commit complete.

1 row created.

Commit complete.

1 row created.

Commit complete.

1 row created.

Commit complete.

1 row created.

Commit complete.

1 row created.

Commit complete.

1 row created.

Commit complete.

1 row created.

Commit complete.

1 row created.

Commit complete.

1 row created.

Commit complete.

1 row created.

Commit complete.

1 row created.

Commit complete.

1 row created.

Commit complete.

1 row created.

Commit complete.

1 row created.

Commit complete.

1 row created.

Commit complete.

1 row created.

Commit complete.

1 row created.

Commit complete.

1 row created.

Commit complete.

1 row created.

Commit complete.

1 row created.

Commit complete.

1 row created.

Commit complete.

1 row created.

Commit complete.

1 row created.

Commit complete.

1 row created.

Commit complete.

1 row created.

Commit complete.

1 row created.

Commit complete.

1 row created.

Commit complete.

1 row created.

Commit complete.

1 row created.

Commit complete.

1 row created.

Commit complete.

1 row created.

Commit complete.

1 row created.

Commit complete.

1 row created.

Commit complete.

1 row created.

Commit complete.

1 row created.

Commit complete.

1 row created.

Commit complete.

1 row created.

Commit complete.

1 row created.

Commit complete.

1 row created.

Commit complete.

1 row created.

Commit complete.

1 row created.

Commit complete.

1 row created.

Commit complete.

1 row created.

Commit complete.

1 row created.

Commit complete.

1 row created.

Commit complete.

1 row created.

Commit complete.

1 row created.

Commit complete.

1 row created.

Commit complete.

1 row created.

Commit complete.

1 row created.

Commit complete.

1 row created.

Commit complete.

1 row created.

Commit complete.

1 row created.

Commit complete.

1 row created.

Commit complete.

1 row created.

Commit complete.

1 row created.

Commit complete.

1 row created.

Commit complete.

1 row created.

Commit complete.

1 row created.

Commit complete.

1 row created.

Commit complete.

1 row created.

Commit complete.

1 row created.

Commit complete.

1 row created.

Commit complete.

1 row created.

Commit complete.

1 row created.

Commit complete.

1 row created.

Commit complete.

1 row created.

Commit complete.

1 row created.

Commit complete.

1 row created.

Commit complete.

1 row created.

Commit complete.

1 row created.

Commit complete.

1 row created.

Commit complete.

1 row created.

Commit complete.

1 row created.

Commit complete.

1 row created.

Commit complete.

1 row created.

Commit complete.

1 row created.

Commit complete.

1 row created.

Commit complete.

1 row created.

Commit complete.

1 row created.

Commit complete.

1 row created.

Commit complete.

1 row created.

Commit complete.

1 row created.

Commit complete.

1 row created.

Commit complete.

1 row created.

Commit complete.

1 row created.

Commit complete.

1 row created.

Commit complete.

1 row created.

Commit complete.

1 row created.

Commit complete.

1 row created.

Commit complete.

1 row created.

Commit complete.

1 row created.

Commit complete.

1 row created.

Commit complete.

1 row created.

Commit complete.

1 row created.

Commit complete.

1 row created.

Commit complete.

1 row created.

Commit complete.

1 row created.

Commit complete.

1 row created.

Commit complete.

1 row created.

Commit complete.

1 row created.

Commit complete.

1 row created.

Commit complete.

1 row created.

Commit complete.

1 row created.

Commit complete.

1 row created.

Commit complete.

1 row created.

Commit complete.

1 row created.

Commit complete.

1 row created.

Commit complete.

1 row created.

Commit complete.

1 row created.

Commit complete.

1 row created.

Commit complete.

1 row created.

Commit complete.

1 row created.

Commit complete.

1 row created.

Commit complete.

1 row created.

Commit complete.

1 row created.

Commit complete.

1 row created.

Commit complete.

1 row created.

Commit complete.

1 row created.

Commit complete.

1 row created.

Commit complete.

1 row created.

Commit complete.

1 row created.

Commit complete.

1 row created.

Commit complete.

1 row created.

Commit complete.

1 row created.

Commit complete.

1 row created.

Commit complete.

1 row created.

Commit complete.

1 row created.

Commit complete.

1 row created.

Commit complete.

1 row created.

Commit complete.

1 row created.

Commit complete.

1 row created.

Commit complete.

1 row created.

Commit complete.

1 row created.

Commit complete.

1 row created.

Commit complete.

1 row created.

Commit complete.

1 row created.

Commit complete.

1 row created.

Commit complete.

1 row created.

Commit complete.

1 row created.

Commit complete.

1 row created.

Commit complete.

1 row created.

Commit complete.

1 row created.

Commit complete.

1 row created.

Commit complete.

1 row created.

Commit complete.

1 row created.

Commit complete.

1 row created.

Commit complete.

1 row created.

Commit complete.

1 row created.

Commit complete.

1 row created.

Commit complete.

1 row created.

Commit complete.

1 row created.

Commit complete.

1 row created.

Commit complete.

1 row created.

Commit complete.

1 row created.

Commit complete.

1 row created.

Commit complete.

1 row created.

Commit complete.

1 row created.

Commit complete.

1 row created.

Commit complete.

1 row created.

Commit complete.

1 row created.

Commit complete.

1 row created.

Commit complete.

1 row created.

Commit complete.

1 row created.

Commit complete.

1 row created.

Commit complete.

1 row created.

Commit complete.

1 row created.

Commit complete.

1 row created.

Commit complete.

1 row created.

Commit complete.

1 row created.

Commit complete.

1 row created.

Commit complete.

1 row created.

Commit complete.

1 row created.

Commit complete.

1 row created.

Commit complete.

1 row created.

Commit complete.

1 row created.

Commit complete.

1 row created.

Commit complete.

1 row created.

Commit complete.

1 row created.

Commit complete.

1 row created.

Commit complete.

1 row created.

Commit complete.

1 row created.

Commit complete.

1 row created.

Commit complete.

1 row created.

Commit complete.

1 row created.

Commit complete.

1 row created.

Commit complete.

1 row created.

Commit complete.

1 row created.

Commit complete.

1 row created.

Commit complete.

1 row created.

Commit complete.

1 row created.

Commit complete.

1 row created.

Commit complete.

1 row created.

Commit complete.

1 row created.

Commit complete.

1 row created.

Commit complete.

1 row created.

Commit complete.

1 row created.

Commit complete.

1 row created.

Commit complete.

1 row created.

Commit complete.

1 row created.

Commit complete.

1 row created.

Commit complete.

1 row created.

Commit complete.

1 row created.

Commit complete.

1 row created.

Commit complete.

1 row created.

Commit complete.

1 row created.

Commit complete.

1 row created.

Commit complete.

1 row created.

Commit complete.

1 row created.

Commit complete.

1 row created.

Commit complete.

1 row created.

Commit complete.

1 row created.

Commit complete.

1 row created.

Commit complete.

1 row created.

Commit complete.

1 row created.

Commit complete.

1 row created.

Commit complete.

1 row created.

Commit complete.

1 row created.

Commit complete.

1 row created.

Commit complete.

1 row created.

Commit complete.

1 row created.

Commit complete.

1 row created.

Commit complete.

1 row created.

Commit complete.

1 row created.

Commit complete.

1 row created.

Commit complete.

1 row created.

Commit complete.

1 row created.

Commit complete.

1 row created.

Commit complete.

1 row created.

Commit complete.

1 row created.

Commit complete.

1 row created.

Commit complete.

1 row created.

Commit complete.

1 row created.

Commit complete.

1 row created.

Commit complete.

1 row created.

Commit complete.

1 row created.

Commit complete.
